// Jest Snapshot v1, https://goo.gl/fbAQLP

exports[`renders correctly 1`] = `
<div
  className="Calculator"
>
  <div
    className="output-bar"
  >
    0
  </div>
  <button
    className="btnAC"
    onClick={[Function]}
    type="button"
  >
    AC
  </button>
  <button
    className="btn+/-"
    onClick={[Function]}
    type="button"
  >
    +/-
  </button>
  <button
    className="btn%"
    onClick={[Function]}
    type="button"
  >
    %
  </button>
  <button
    className="operation-btn"
    onClick={[Function]}
    type="button"
  >
    รท
  </button>
  <button
    className="btn7"
    onClick={[Function]}
    type="button"
  >
    7
  </button>
  <button
    className="btn8"
    onClick={[Function]}
    type="button"
  >
    8
  </button>
  <button
    className="btn9"
    onClick={[Function]}
    type="button"
  >
    9
  </button>
  <button
    className="operation-btn"
    onClick={[Function]}
    type="button"
  >
    x
  </button>
  <button
    className="btn4"
    onClick={[Function]}
    type="button"
  >
    4
  </button>
  <button
    className="btn5"
    onClick={[Function]}
    type="button"
  >
    5
  </button>
  <button
    className="btn6"
    onClick={[Function]}
    type="button"
  >
    6
  </button>
  <button
    className="operation-btn"
    onClick={[Function]}
    type="button"
  >
    -
  </button>
  <button
    className="btn1"
    onClick={[Function]}
    type="button"
  >
    1
  </button>
  <button
    className="btn2"
    onClick={[Function]}
    type="button"
  >
    2
  </button>
  <button
    className="btn3"
    onClick={[Function]}
    type="button"
  >
    3
  </button>
  <button
    className="operation-btn"
    onClick={[Function]}
    type="button"
  >
    +
  </button>
  <button
    className="btn0"
    onClick={[Function]}
    type="button"
  >
    0
  </button>
  <button
    className="btn."
    onClick={[Function]}
    type="button"
  >
    .
  </button>
  <button
    className="operation-btn"
    onClick={[Function]}
    type="button"
  >
    =
  </button>
</div>
`;
